../Core/Src/main.c:74:6:microDelay	16	static
../Core/Src/main.c:91:9:DHT22_Start	32	static
../Core/Src/main.c:121:9:DHT22_Read	16	static
../Core/Src/main.c:144:6:DHT22_value	8	static
../Core/Src/main.c:165:6:map	24	static
../Core/Src/main.c:171:6:bt_press_callback	16	static
../Core/Src/main.c:211:6:on_off_led	16	static
../Core/Src/main.c:244:6:show_lcd	8	static
../Core/Src/main.c:261:6:HAL_UARTEx_RxEventCallback	16	static
../Core/Src/main.c:265:6:check	8	static
../Core/Src/main.c:284:6:stepper_half_drive	16	static
../Core/Src/main.c:345:6:stepper_set_rpm	16	static
../Core/Src/main.c:349:6:stepper_step_angle	48	static
../Core/Src/main.c:375:5:main	112	static
../Core/Src/main.c:488:6:SystemClock_Config	88	static
../Core/Src/main.c:535:13:MX_ADC1_Init	24	static
../Core/Src/main.c:592:13:MX_I2C1_Init	8	static
../Core/Src/main.c:626:13:MX_TIM1_Init	32	static
../Core/Src/main.c:672:13:MX_USART1_UART_Init	8	static
../Core/Src/main.c:703:13:MX_DMA_Init	16	static
../Core/Src/main.c:721:13:MX_GPIO_Init	40	static
../Core/Src/main.c:784:6:Error_Handler	4	static,ignoring_inline_asm
