main.c:74:6:microDelay	16	static
main.c:91:9:DHT22_Start	32	static
main.c:119:9:DHT22_Read	16	static
main.c:142:6:DHT22_value	8	static
main.c:162:6:map	24	static
main.c:168:6:bt_press_callback	16	static
main.c:208:6:on_off_led	16	static
main.c:241:6:show_lcd	8	static
main.c:258:6:HAL_UARTEx_RxEventCallback	16	static
main.c:262:6:check	8	static
main.c:281:6:stepper_half_drive	16	static
main.c:342:6:stepper_set_rpm	16	static
main.c:346:6:stepper_step_angle	48	static
main.c:372:5:main	80	static
main.c:482:6:SystemClock_Config	88	static
main.c:528:13:MX_ADC1_Init	24	static
main.c:582:13:MX_I2C1_Init	8	static
main.c:616:13:MX_TIM1_Init	32	static
main.c:662:13:MX_USART1_UART_Init	8	static
main.c:693:13:MX_DMA_Init	16	static
main.c:711:13:MX_GPIO_Init	40	static
main.c:774:6:Error_Handler	4	static,ignoring_inline_asm
