../Core/Src/main.c:71:5:_write	24	static
../Core/Src/main.c:91:6:HAL_UART_RxCpltCallback	32	static
../Core/Src/main.c:106:5:main	72	static
../Core/Src/main.c:187:6:SystemClock_Config	72	static
../Core/Src/main.c:221:13:MX_USART1_UART_Init	8	static
../Core/Src/main.c:252:13:MX_GPIO_Init	40	static
../Core/Src/main.c:273:6:Task2	48	static
../Core/Src/main.c:299:6:StartDefaultTask	24	static
../Core/Src/main.c:323:6:HAL_TIM_PeriodElapsedCallback	16	static
../Core/Src/main.c:339:6:Error_Handler	4	static,ignoring_inline_asm
