main.c:77:6:microDelay	16	static
main.c:94:9:DHT22_Start	32	static
main.c:122:9:DHT22_Read	16	static
main.c:145:6:DHT22_value	8	static
main.c:165:6:map	24	static
main.c:172:6:bt_press_callback	16	static
main.c:206:6:on_off_led	16	static
main.c:229:6:show_lcd	8	static
main.c:243:6:HAL_UARTEx_RxEventCallback	16	static
main.c:247:6:check	8	static
main.c:280:6:HAL_TIM_PeriodElapsedCallback	16	static
main.c:285:6:auto_rem	16	static
main.c:307:5:main	80	static
main.c:421:6:SystemClock_Config	88	static
main.c:463:13:MX_ADC1_Init	24	static
main.c:521:13:MX_I2C1_Init	8	static
main.c:553:13:MX_TIM1_Init	32	static
main.c:596:13:MX_TIM4_Init	32	static
main.c:638:13:MX_USART1_UART_Init	8	static
main.c:667:13:MX_DMA_Init	16	static
main.c:684:13:MX_GPIO_Init	40	static
main.c:758:6:Error_Handler	4	static,ignoring_inline_asm
