../Core/Src/rc522.c:26:9:TM_SPI_Send	32	static
../Core/Src/rc522.c:38:6:TM_MFRC522_Init	8	static
../Core/Src/rc522.c:56:21:TM_MFRC522_Check	24	static
../Core/Src/rc522.c:71:21:TM_MFRC522_Compare	24	static
../Core/Src/rc522.c:81:6:TM_MFRC522_WriteRegister	16	static
../Core/Src/rc522.c:92:9:TM_MFRC522_ReadRegister	24	static
../Core/Src/rc522.c:105:6:TM_MFRC522_SetBitMask	16	static
../Core/Src/rc522.c:109:6:TM_MFRC522_ClearBitMask	16	static
../Core/Src/rc522.c:113:6:TM_MFRC522_AntennaOn	16	static
../Core/Src/rc522.c:122:6:TM_MFRC522_AntennaOff	8	static
../Core/Src/rc522.c:126:6:TM_MFRC522_Reset	8	static
../Core/Src/rc522.c:130:21:TM_MFRC522_Request	32	static
../Core/Src/rc522.c:145:21:TM_MFRC522_ToCard	40	static
../Core/Src/rc522.c:234:21:TM_MFRC522_Anticoll	32	static
../Core/Src/rc522.c:258:6:TM_MFRC522_CalculateCRC	40	static
../Core/Src/rc522.c:283:9:TM_MFRC522_SelectTag	40	static
../Core/Src/rc522.c:307:21:TM_MFRC522_Auth	48	static
../Core/Src/rc522.c:333:21:TM_MFRC522_Read	32	static
../Core/Src/rc522.c:349:21:TM_MFRC522_Write	48	static
../Core/Src/rc522.c:381:6:TM_MFRC522_Halt	24	static
