Archive member included to satisfy reference by file (symbol)

c:/st/stm32cubeide_1.10.1/stm32cubeide/plugins/com.st.stm32cube.ide.mcu.externaltools.gnu-tools-for-stm32.10.3-2021.10.win32_1.0.0.202111181127/tools/bin/../lib/gcc/arm-none-eabi/10.3.1/../../../../arm-none-eabi/lib/thumb/v7-m/nofp\libc_nano.a(lib_a-errno.o)
                              ./Core/Src/sysmem.o (__errno)
c:/st/stm32cubeide_1.10.1/stm32cubeide/plugins/com.st.stm32cube.ide.mcu.externaltools.gnu-tools-for-stm32.10.3-2021.10.win32_1.0.0.202111181127/tools/bin/../lib/gcc/arm-none-eabi/10.3.1/../../../../arm-none-eabi/lib/thumb/v7-m/nofp\libc_nano.a(lib_a-exit.o)
                              c:/st/stm32cubeide_1.10.1/stm32cubeide/plugins/com.st.stm32cube.ide.mcu.externaltools.gnu-tools-for-stm32.10.3-2021.10.win32_1.0.0.202111181127/tools/bin/../lib/gcc/arm-none-eabi/10.3.1/../../../../arm-none-eabi/lib/thumb/v7-m/nofp/crt0.o (exit)
c:/st/stm32cubeide_1.10.1/stm32cubeide/plugins/com.st.stm32cube.ide.mcu.externaltools.gnu-tools-for-stm32.10.3-2021.10.win32_1.0.0.202111181127/tools/bin/../lib/gcc/arm-none-eabi/10.3.1/../../../../arm-none-eabi/lib/thumb/v7-m/nofp\libc_nano.a(lib_a-impure.o)
                              c:/st/stm32cubeide_1.10.1/stm32cubeide/plugins/com.st.stm32cube.ide.mcu.externaltools.gnu-tools-for-stm32.10.3-2021.10.win32_1.0.0.202111181127/tools/bin/../lib/gcc/arm-none-eabi/10.3.1/../../../../arm-none-eabi/lib/thumb/v7-m/nofp\libc_nano.a(lib_a-exit.o) (_global_impure_ptr)
c:/st/stm32cubeide_1.10.1/stm32cubeide/plugins/com.st.stm32cube.ide.mcu.externaltools.gnu-tools-for-stm32.10.3-2021.10.win32_1.0.0.202111181127/tools/bin/../lib/gcc/arm-none-eabi/10.3.1/../../../../arm-none-eabi/lib/thumb/v7-m/nofp\libc_nano.a(lib_a-init.o)
                              c:/st/stm32cubeide_1.10.1/stm32cubeide/plugins/com.st.stm32cube.ide.mcu.externaltools.gnu-tools-for-stm32.10.3-2021.10.win32_1.0.0.202111181127/tools/bin/../lib/gcc/arm-none-eabi/10.3.1/../../../../arm-none-eabi/lib/thumb/v7-m/nofp/crt0.o (__libc_init_array)
c:/st/stm32cubeide_1.10.1/stm32cubeide/plugins/com.st.stm32cube.ide.mcu.externaltools.gnu-tools-for-stm32.10.3-2021.10.win32_1.0.0.202111181127/tools/bin/../lib/gcc/arm-none-eabi/10.3.1/../../../../arm-none-eabi/lib/thumb/v7-m/nofp\libc_nano.a(lib_a-memset.o)
                              c:/st/stm32cubeide_1.10.1/stm32cubeide/plugins/com.st.stm32cube.ide.mcu.externaltools.gnu-tools-for-stm32.10.3-2021.10.win32_1.0.0.202111181127/tools/bin/../lib/gcc/arm-none-eabi/10.3.1/../../../../arm-none-eabi/lib/thumb/v7-m/nofp/crt0.o (memset)
c:/st/stm32cubeide_1.10.1/stm32cubeide/plugins/com.st.stm32cube.ide.mcu.externaltools.gnu-tools-for-stm32.10.3-2021.10.win32_1.0.0.202111181127/tools/bin/../lib/gcc/arm-none-eabi/10.3.1/../../../../arm-none-eabi/lib/thumb/v7-m/nofp\libc_nano.a(lib_a-strlen.o)
                              ./Core/Src/fonts.o (strlen)
c:/st/stm32cubeide_1.10.1/stm32cubeide/plugins/com.st.stm32cube.ide.mcu.externaltools.gnu-tools-for-stm32.10.3-2021.10.win32_1.0.0.202111181127/tools/bin/../lib/gcc/arm-none-eabi/10.3.1/../../../../arm-none-eabi/lib/thumb/v7-m/nofp\libnosys.a(_exit.o)
                              c:/st/stm32cubeide_1.10.1/stm32cubeide/plugins/com.st.stm32cube.ide.mcu.externaltools.gnu-tools-for-stm32.10.3-2021.10.win32_1.0.0.202111181127/tools/bin/../lib/gcc/arm-none-eabi/10.3.1/../../../../arm-none-eabi/lib/thumb/v7-m/nofp\libc_nano.a(lib_a-exit.o) (_exit)

Discarded input sections

 .text          0x0000000000000000        0x0 c:/st/stm32cubeide_1.10.1/stm32cubeide/plugins/com.st.stm32cube.ide.mcu.externaltools.gnu-tools-for-stm32.10.3-2021.10.win32_1.0.0.202111181127/tools/bin/../lib/gcc/arm-none-eabi/10.3.1/thumb/v7-m/nofp/crti.o
 .data          0x0000000000000000        0x0 c:/st/stm32cubeide_1.10.1/stm32cubeide/plugins/com.st.stm32cube.ide.mcu.externaltools.gnu-tools-for-stm32.10.3-2021.10.win32_1.0.0.202111181127/tools/bin/../lib/gcc/arm-none-eabi/10.3.1/thumb/v7-m/nofp/crti.o
 .bss           0x0000000000000000        0x0 c:/st/stm32cubeide_1.10.1/stm32cubeide/plugins/com.st.stm32cube.ide.mcu.externaltools.gnu-tools-for-stm32.10.3-2021.10.win32_1.0.0.202111181127/tools/bin/../lib/gcc/arm-none-eabi/10.3.1/thumb/v7-m/nofp/crti.o
 .data          0x0000000000000000        0x4 c:/st/stm32cubeide_1.10.1/stm32cubeide/plugins/com.st.stm32cube.ide.mcu.externaltools.gnu-tools-for-stm32.10.3-2021.10.win32_1.0.0.202111181127/tools/bin/../lib/gcc/arm-none-eabi/10.3.1/thumb/v7-m/nofp/crtbegin.o
 .rodata        0x0000000000000000       0x24 c:/st/stm32cubeide_1.10.1/stm32cubeide/plugins/com.st.stm32cube.ide.mcu.externaltools.gnu-tools-for-stm32.10.3-2021.10.win32_1.0.0.202111181127/tools/bin/../lib/gcc/arm-none-eabi/10.3.1/thumb/v7-m/nofp/crtbegin.o
[...]
Memory Configuration

Name             Origin             Length             Attributes
RAM              0x0000000020000000 0x0000000000005000 xrw
FLASH            0x0000000008000000 0x0000000000010000 xr
*default*        0x0000000000000000 0xffffffffffffffff

Linker script and memory map

LOAD c:/st/stm32cubeide_1.10.1/stm32cubeide/plugins/com.st.stm32cube.ide.mcu.externaltools.gnu-tools-for-stm32.10.3-2021.10.win32_1.0.0.202111181127/tools/bin/../lib/gcc/arm-none-eabi/10.3.1/thumb/v7-m/nofp/crti.o
LOAD c:/st/stm32cubeide_1.10.1/stm32cubeide/plugins/com.st.stm32cube.ide.mcu.externaltools.gnu-tools-for-stm32.10.3-2021.10.win32_1.0.0.202111181127/tools/bin/../lib/gcc/arm-none-eabi/10.3.1/thumb/v7-m/nofp/crtbegin.o
LOAD c:/st/stm32cubeide_1.10.1/stm32cubeide/plugins/com.st.stm32cube.ide.mcu.externaltools.gnu-tools-for-stm32.10.3-2021.10.win32_1.0.0.202111181127/tools/bin/../lib/gcc/arm-none-eabi/10.3.1/../../../../arm-none-eabi/lib/thumb/v7-m/nofp/crt0.o
LOAD ./Core/Src/fonts.o
LOAD ./Core/Src/main.o
LOAD ./Core/Src/ssd1306.o
LOAD ./Core/Src/stm32f1xx_hal_msp.o
LOAD ./Core/Src/stm32f1xx_it.o
LOAD ./Core/Src/sysmem.o
LOAD ./Core/Src/system_stm32f1xx.o
LOAD ./Core/Src/test.o
LOAD ./Core/Startup/startup_stm32f103c8tx.o
LOAD ./Drivers/STM32F1xx_HAL_Driver/Src/stm32f1xx_hal.o
LOAD ./Drivers/STM32F1xx_HAL_Driver/Src/stm32f1xx_hal_cortex.o
LOAD ./Drivers/STM32F1xx_HAL_Driver/Src/stm32f1xx_hal_dma.o
LOAD ./Drivers/STM32F1xx_HAL_Driver/Src/stm32f1xx_hal_exti.o
LOAD ./Drivers/STM32F1xx_HAL_Driver/Src/stm32f1xx_hal_flash.o
LOAD ./Drivers/STM32F1xx_HAL_Driver/Src/stm32f1xx_hal_flash_ex.o
LOAD ./Drivers/STM32F1xx_HAL_Driver/Src/stm32f1xx_hal_gpio.o
LOAD ./Drivers/STM32F1xx_HAL_Driver/Src/stm32f1xx_hal_gpio_ex.o
LOAD ./Drivers/STM32F1xx_HAL_Driver/Src/stm32f1xx_hal_i2c.o
LOAD ./Drivers/STM32F1xx_HAL_Driver/Src/stm32f1xx_hal_pwr.o
LOAD ./Drivers/STM32F1xx_HAL_Driver/Src/stm32f1xx_hal_rcc.o
LOAD ./Drivers/STM32F1xx_HAL_Driver/Src/stm32f1xx_hal_rcc_ex.o
LOAD ./Drivers/STM32F1xx_HAL_Driver/Src/stm32f1xx_hal_tim.o
LOAD ./Drivers/STM32F1xx_HAL_Driver/Src/stm32f1xx_hal_tim_ex.o
LOAD ./Drivers/STM32F1xx_HAL_Driver/Src/stm32f1xx_hal_uart.o
START GROUP
LOAD c:/st/stm32cubeide_1.10.1/stm32cubeide/plugins/com.st.stm32cube.ide.mcu.externaltools.gnu-tools-for-stm32.10.3-2021.10.win32_1.0.0.202111181127/tools/bin/../lib/gcc/arm-none-eabi/10.3.1/../../../../arm-none-eabi/lib/thumb/v7-m/nofp\libc_nano.a
LOAD c:/st/stm32cubeide_1.10.1/stm32cubeide/plugins/com.st.stm32cube.ide.mcu.externaltools.gnu-tools-for-stm32.10.3-2021.10.win32_1.0.0.202111181127/tools/bin/../lib/gcc/arm-none-eabi/10.3.1/../../../../arm-none-eabi/lib/thumb/v7-m/nofp\libm.a
END GROUP
START GROUP
LOAD c:/st/stm32cubeide_1.10.1/stm32cubeide/plugins/com.st.stm32cube.ide.mcu.externaltools.gnu-tools-for-stm32.10.3-2021.10.win32_1.0.0.202111181127/tools/bin/../lib/gcc/arm-none-eabi/10.3.1/thumb/v7-m/nofp\libgcc.a
LOAD c:/st/stm32cubeide_1.10.1/stm32cubeide/plugins/com.st.stm32cube.ide.mcu.externaltools.gnu-tools-for-stm32.10.3-2021.10.win32_1.0.0.202111181127/tools/bin/../lib/gcc/arm-none-eabi/10.3.1/../../../../arm-none-eabi/lib/thumb/v7-m/nofp\libc_nano.a
END GROUP
START GROUP
LOAD c:/st/stm32cubeide_1.10.1/stm32cubeide/plugins/com.st.stm32cube.ide.mcu.externaltools.gnu-tools-for-stm32.10.3-2021.10.win32_1.0.0.202111181127/tools/bin/../lib/gcc/arm-none-eabi/10.3.1/thumb/v7-m/nofp\libgcc.a
LOAD c:/st/stm32cubeide_1.10.1/stm32cubeide/plugins/com.st.stm32cube.ide.mcu.externaltools.gnu-tools-for-stm32.10.3-2021.10.win32_1.0.0.202111181127/tools/bin/../lib/gcc/arm-none-eabi/10.3.1/../../../../arm-none-eabi/lib/thumb/v7-m/nofp\libc_nano.a
LOAD c:/st/stm32cubeide_1.10.1/stm32cubeide/plugins/com.st.stm32cube.ide.mcu.externaltools.gnu-tools-for-stm32.10.3-2021.10.win32_1.0.0.202111181127/tools/bin/../lib/gcc/arm-none-eabi/10.3.1/../../../../arm-none-eabi/lib/thumb/v7-m/nofp\libnosys.a
END GROUP
START GROUP
LOAD c:/st/stm32cubeide_1.10.1/stm32cubeide/plugins/com.st.stm32cube.ide.mcu.externaltools.gnu-tools-for-stm32.10.3-2021.10.win32_1.0.0.202111181127/tools/bin/../lib/gcc/arm-none-eabi/10.3.1/thumb/v7-m/nofp\libgcc.a
LOAD c:/st/stm32cubeide_1.10.1/stm32cubeide/plugins/com.st.stm32cube.ide.mcu.externaltools.gnu-tools-for-stm32.10.3-2021.10.win32_1.0.0.202111181127/tools/bin/../lib/gcc/arm-none-eabi/10.3.1/../../../../arm-none-eabi/lib/thumb/v7-m/nofp\libc_nano.a
LOAD c:/st/stm32cubeide_1.10.1/stm32cubeide/plugins/com.st.stm32cube.ide.mcu.externaltools.gnu-tools-for-stm32.10.3-2021.10.win32_1.0.0.202111181127/tools/bin/../lib/gcc/arm-none-eabi/10.3.1/../../../../arm-none-eabi/lib/thumb/v7-m/nofp\libnosys.a
END GROUP
LOAD c:/st/stm32cubeide_1.10.1/stm32cubeide/plugins/com.st.stm32cube.ide.mcu.externaltools.gnu-tools-for-stm32.10.3-2021.10.win32_1.0.0.202111181127/tools/bin/../lib/gcc/arm-none-eabi/10.3.1/thumb/v7-m/nofp/crtend.o
LOAD c:/st/stm32cubeide_1.10.1/stm32cubeide/plugins/com.st.stm32cube.ide.mcu.externaltools.gnu-tools-for-stm32.10.3-2021.10.win32_1.0.0.202111181127/tools/bin/../lib/gcc/arm-none-eabi/10.3.1/thumb/v7-m/nofp/crtn.o
                0x0000000020005000                _estack = (ORIGIN (RAM) + LENGTH (RAM))
                0x0000000000000200                _Min_Heap_Size = 0x200
                0x0000000000000400                _Min_Stack_Size = 0x400

.isr_vector     0x0000000008000000      0x10c
                0x0000000008000000                . = ALIGN (0x4)
 *(.isr_vector)
 .isr_vector    0x0000000008000000      0x10c ./Core/Startup/startup_stm32f103c8tx.o
                0x0000000008000000                g_pfnVectors
                0x000000000800010c                . = ALIGN (0x4)

.text           0x000000000800010c     0x3478
                0x000000000800010c                . = ALIGN (0x4)
 *(.text)
 .text          0x000000000800010c       0x40 c:/st/stm32cubeide_1.10.1/stm32cubeide/plugins/com.st.stm32cube.ide.mcu.externaltools.gnu-tools-for-stm32.10.3-2021.10.win32_1.0.0.202111181127/tools/bin/../lib/gcc/arm-none-eabi/10.3.1/thumb/v7-m/nofp/crtbegin.o
 *(.text*)
 .text.HAL_TIM_PeriodElapsedCallback
                0x000000000800014c       0x30 ./Core/Src/main.o
                0x000000000800014c                HAL_TIM_PeriodElapsedCallback
 .text.horse_run
                0x000000000800017c      0x16c ./Core/Src/main.o
                0x000000000800017c                horse_run
 .text.main     0x00000000080002e8       0x64 ./Core/Src/main.o
                0x00000000080002e8                main
 .text.SystemClock_Config
                0x000000000800034c       0x8a ./Core/Src/main.o
                0x000000000800034c                SystemClock_Config
 *fill*         0x00000000080003d6        0x2 
 .text.MX_I2C1_Init
                0x00000000080003d8       0x5c ./Core/Src/main.o
 .text.MX_TIM2_Init
                0x0000000008000434       0xa8 ./Core/Src/main.o
 .text.MX_TIM3_Init
                0x00000000080004dc       0x9c ./Core/Src/main.o
 .text.MX_USART1_UART_Init
                0x0000000008000578       0x54 ./Core/Src/main.o
 .text.MX_GPIO_Init
                0x00000000080005cc       0xb0 ./Core/Src/main.o
 .text.Error_Handler
                0x000000000800067c        0xa ./Core/Src/main.o
                0x000000000800067c                Error_Handler
 .text.SSD1306_InvertDisplay
                0x0000000008000686       0x2c ./Core/Src/ssd1306.o
                0x0000000008000686                SSD1306_InvertDisplay
 .text.SSD1306_DrawBitmap
                0x00000000080006b2       0xd0 ./Core/Src/ssd1306.o
                0x00000000080006b2                SSD1306_DrawBitmap
 *fill*         0x0000000008000782        0x2 
 .text.SSD1306_Init
                0x0000000008000784      0x188 ./Core/Src/ssd1306.o
                0x0000000008000784                SSD1306_Init
 .text.SSD1306_UpdateScreen
                0x000000000800090c       0x5c ./Core/Src/ssd1306.o
                0x000000000800090c                SSD1306_UpdateScreen
 .text.SSD1306_Fill
                0x0000000008000968       0x30 ./Core/Src/ssd1306.o
                0x0000000008000968                SSD1306_Fill
 .text.SSD1306_DrawPixel
                0x0000000008000998       0xbc ./Core/Src/ssd1306.o
                0x0000000008000998                SSD1306_DrawPixel
 .text.SSD1306_Clear
                0x0000000008000a54       0x12 ./Core/Src/ssd1306.o
                0x0000000008000a54                SSD1306_Clear
 *fill*         0x0000000008000a66        0x2 
 .text.ssd1306_I2C_Init
                0x0000000008000a68       0x28 ./Core/Src/ssd1306.o
                0x0000000008000a68                ssd1306_I2C_Init
 .text.ssd1306_I2C_WriteMulti
                0x0000000008000a90       0xcc ./Core/Src/ssd1306.o
                0x0000000008000a90                ssd1306_I2C_WriteMulti
 .text.ssd1306_I2C_Write
                0x0000000008000b5c       0x3c ./Core/Src/ssd1306.o
                0x0000000008000b5c                ssd1306_I2C_Write
 .text.HAL_MspInit
                0x0000000008000b98       0x64 ./Core/Src/stm32f1xx_hal_msp.o
                0x0000000008000b98                HAL_MspInit
 .text.HAL_I2C_MspInit
                0x0000000008000bfc       0x7c ./Core/Src/stm32f1xx_hal_msp.o
                0x0000000008000bfc                HAL_I2C_MspInit
 .text.HAL_TIM_Encoder_MspInit
                0x0000000008000c78       0x88 ./Core/Src/stm32f1xx_hal_msp.o
                0x0000000008000c78                HAL_TIM_Encoder_MspInit
 .text.HAL_TIM_Base_MspInit
                0x0000000008000d00       0x4c ./Core/Src/stm32f1xx_hal_msp.o
                0x0000000008000d00                HAL_TIM_Base_MspInit
 .text.HAL_UART_MspInit
                0x0000000008000d4c       0x98 ./Core/Src/stm32f1xx_hal_msp.o
                0x0000000008000d4c                HAL_UART_MspInit
 .text.NMI_Handler
                0x0000000008000de4        0x6 ./Core/Src/stm32f1xx_it.o
                0x0000000008000de4                NMI_Handler
 .text.HardFault_Handler
                0x0000000008000dea        0x6 ./Core/Src/stm32f1xx_it.o
                0x0000000008000dea                HardFault_Handler
 .text.MemManage_Handler
                0x0000000008000df0        0x6 ./Core/Src/stm32f1xx_it.o
                0x0000000008000df0                MemManage_Handler
 .text.BusFault_Handler
                0x0000000008000df6        0x6 ./Core/Src/stm32f1xx_it.o
                0x0000000008000df6                BusFault_Handler
 .text.UsageFault_Handler
                0x0000000008000dfc        0x6 ./Core/Src/stm32f1xx_it.o
                0x0000000008000dfc                UsageFault_Handler
 .text.SVC_Handler
                0x0000000008000e02        0xc ./Core/Src/stm32f1xx_it.o
                0x0000000008000e02                SVC_Handler
 .text.DebugMon_Handler
                0x0000000008000e0e        0xc ./Core/Src/stm32f1xx_it.o
                0x0000000008000e0e                DebugMon_Handler
 .text.PendSV_Handler
                0x0000000008000e1a        0xc ./Core/Src/stm32f1xx_it.o
                0x0000000008000e1a                PendSV_Handler
 .text.SysTick_Handler
                0x0000000008000e26        0xc ./Core/Src/stm32f1xx_it.o
                0x0000000008000e26                SysTick_Handler
 *fill*         0x0000000008000e32        0x2 
 .text.TIM2_IRQHandler
                0x0000000008000e34       0x14 ./Core/Src/stm32f1xx_it.o
                0x0000000008000e34                TIM2_IRQHandler
 .text.TIM3_IRQHandler
                0x0000000008000e48       0x14 ./Core/Src/stm32f1xx_it.o
                0x0000000008000e48                TIM3_IRQHandler
 .text.SystemInit
                0x0000000008000e5c        0xc ./Core/Src/system_stm32f1xx.o
                0x0000000008000e5c                SystemInit
 .text.Reset_Handler
                0x0000000008000e68       0x48 ./Core/Startup/startup_stm32f103c8tx.o
                0x0000000008000e68                Reset_Handler
 .text.Default_Handler
                0x0000000008000eb0        0x2 ./Core/Startup/startup_stm32f103c8tx.o
                0x0000000008000eb0                RTC_Alarm_IRQHandler
                0x0000000008000eb0                EXTI2_IRQHandler
                0x0000000008000eb0                TIM1_CC_IRQHandler
                0x0000000008000eb0                PVD_IRQHandler
                0x0000000008000eb0                EXTI3_IRQHandler
                0x0000000008000eb0                EXTI0_IRQHandler
                0x0000000008000eb0                I2C2_EV_IRQHandler
                0x0000000008000eb0                ADC1_2_IRQHandler
                0x0000000008000eb0                SPI1_IRQHandler
                0x0000000008000eb0                TAMPER_IRQHandler
                0x0000000008000eb0                DMA1_Channel4_IRQHandler
                0x0000000008000eb0                USART3_IRQHandler
                0x0000000008000eb0                RTC_IRQHandler
                0x0000000008000eb0                DMA1_Channel7_IRQHandler
                0x0000000008000eb0                CAN1_RX1_IRQHandler
                0x0000000008000eb0                TIM4_IRQHandler
                0x0000000008000eb0                I2C1_EV_IRQHandler
                0x0000000008000eb0                DMA1_Channel6_IRQHandler
                0x0000000008000eb0                RCC_IRQHandler
                0x0000000008000eb0                TIM1_TRG_COM_IRQHandler
                0x0000000008000eb0                DMA1_Channel1_IRQHandler
                0x0000000008000eb0                Default_Handler
                0x0000000008000eb0                EXTI15_10_IRQHandler
                0x0000000008000eb0                EXTI9_5_IRQHandler
                0x0000000008000eb0                SPI2_IRQHandler
                0x0000000008000eb0                DMA1_Channel5_IRQHandler
                0x0000000008000eb0                EXTI4_IRQHandler
                0x0000000008000eb0                USB_LP_CAN1_RX0_IRQHandler
                0x0000000008000eb0                USB_HP_CAN1_TX_IRQHandler
                0x0000000008000eb0                DMA1_Channel3_IRQHandler
                0x0000000008000eb0                TIM1_UP_IRQHandler
                0x0000000008000eb0                WWDG_IRQHandler
                0x0000000008000eb0                TIM1_BRK_IRQHandler
                0x0000000008000eb0                EXTI1_IRQHandler
                0x0000000008000eb0                USART2_IRQHandler
                0x0000000008000eb0                I2C2_ER_IRQHandler
                0x0000000008000eb0                DMA1_Channel2_IRQHandler
                0x0000000008000eb0                CAN1_SCE_IRQHandler
                0x0000000008000eb0                FLASH_IRQHandler
                0x0000000008000eb0                USART1_IRQHandler
                0x0000000008000eb0                I2C1_ER_IRQHandler
                0x0000000008000eb0                USBWakeUp_IRQHandler
 *fill*         0x0000000008000eb2        0x2 
 .text.HAL_Init
                0x0000000008000eb4       0x2c ./Drivers/STM32F1xx_HAL_Driver/Src/stm32f1xx_hal.o
                0x0000000008000eb4                HAL_Init
 .text.HAL_InitTick
                0x0000000008000ee0       0x60 ./Drivers/STM32F1xx_HAL_Driver/Src/stm32f1xx_hal.o
                0x0000000008000ee0                HAL_InitTick
 .text.HAL_IncTick
                0x0000000008000f40       0x24 ./Drivers/STM32F1xx_HAL_Driver/Src/stm32f1xx_hal.o
                0x0000000008000f40                HAL_IncTick
 .text.HAL_GetTick
                0x0000000008000f64       0x14 ./Drivers/STM32F1xx_HAL_Driver/Src/stm32f1xx_hal.o
                0x0000000008000f64                HAL_GetTick
 .text.__NVIC_SetPriorityGrouping
                0x0000000008000f78       0x48 ./Drivers/STM32F1xx_HAL_Driver/Src/stm32f1xx_hal_cortex.o
 .text.__NVIC_GetPriorityGrouping
                0x0000000008000fc0       0x1c ./Drivers/STM32F1xx_HAL_Driver/Src/stm32f1xx_hal_cortex.o
 .text.__NVIC_EnableIRQ
                0x0000000008000fdc       0x38 ./Drivers/STM32F1xx_HAL_Driver/Src/stm32f1xx_hal_cortex.o
 .text.__NVIC_SetPriority
                0x0000000008001014       0x54 ./Drivers/STM32F1xx_HAL_Driver/Src/stm32f1xx_hal_cortex.o
 .text.NVIC_EncodePriority
                0x0000000008001068       0x64 ./Drivers/STM32F1xx_HAL_Driver/Src/stm32f1xx_hal_cortex.o
 .text.SysTick_Config
                0x00000000080010cc       0x44 ./Drivers/STM32F1xx_HAL_Driver/Src/stm32f1xx_hal_cortex.o
 .text.HAL_NVIC_SetPriorityGrouping
                0x0000000008001110       0x16 ./Drivers/STM32F1xx_HAL_Driver/Src/stm32f1xx_hal_cortex.o
                0x0000000008001110                HAL_NVIC_SetPriorityGrouping
 .text.HAL_NVIC_SetPriority
                0x0000000008001126       0x38 ./Drivers/STM32F1xx_HAL_Driver/Src/stm32f1xx_hal_cortex.o
                0x0000000008001126                HAL_NVIC_SetPriority
 .text.HAL_NVIC_EnableIRQ
                0x000000000800115e       0x1c ./Drivers/STM32F1xx_HAL_Driver/Src/stm32f1xx_hal_cortex.o
                0x000000000800115e                HAL_NVIC_EnableIRQ
 .text.HAL_SYSTICK_Config
                0x000000000800117a       0x18 ./Drivers/STM32F1xx_HAL_Driver/Src/stm32f1xx_hal_cortex.o
                0x000000000800117a                HAL_SYSTICK_Config
 *fill*         0x0000000008001192        0x2 
 .text.HAL_GPIO_Init
                0x0000000008001194      0x308 ./Drivers/STM32F1xx_HAL_Driver/Src/stm32f1xx_hal_gpio.o
                0x0000000008001194                HAL_GPIO_Init
 .text.HAL_GPIO_WritePin
                0x000000000800149c       0x30 ./Drivers/STM32F1xx_HAL_Driver/Src/stm32f1xx_hal_gpio.o
                0x000000000800149c                HAL_GPIO_WritePin
 .text.HAL_GPIO_TogglePin
                0x00000000080014cc       0x32 ./Drivers/STM32F1xx_HAL_Driver/Src/stm32f1xx_hal_gpio.o
                0x00000000080014cc                HAL_GPIO_TogglePin
 *fill*         0x00000000080014fe        0x2 
 .text.HAL_I2C_Init
                0x0000000008001500      0x288 ./Drivers/STM32F1xx_HAL_Driver/Src/stm32f1xx_hal_i2c.o
                0x0000000008001500                HAL_I2C_Init
 .text.HAL_I2C_Master_Transmit
                0x0000000008001788      0x1fc ./Drivers/STM32F1xx_HAL_Driver/Src/stm32f1xx_hal_i2c.o
                0x0000000008001788                HAL_I2C_Master_Transmit
 .text.HAL_I2C_IsDeviceReady
                0x0000000008001984      0x25c ./Drivers/STM32F1xx_HAL_Driver/Src/stm32f1xx_hal_i2c.o
                0x0000000008001984                HAL_I2C_IsDeviceReady
 .text.I2C_MasterRequestWrite
                0x0000000008001be0      0x104 ./Drivers/STM32F1xx_HAL_Driver/Src/stm32f1xx_hal_i2c.o
 .text.I2C_WaitOnFlagUntilTimeout
                0x0000000008001ce4       0xf4 ./Drivers/STM32F1xx_HAL_Driver/Src/stm32f1xx_hal_i2c.o
 .text.I2C_WaitOnMasterAddressFlagUntilTimeout
                0x0000000008001dd8      0x140 ./Drivers/STM32F1xx_HAL_Driver/Src/stm32f1xx_hal_i2c.o
 .text.I2C_WaitOnTXEFlagUntilTimeout
                0x0000000008001f18       0x90 ./Drivers/STM32F1xx_HAL_Driver/Src/stm32f1xx_hal_i2c.o
 .text.I2C_WaitOnBTFFlagUntilTimeout
                0x0000000008001fa8       0x90 ./Drivers/STM32F1xx_HAL_Driver/Src/stm32f1xx_hal_i2c.o
 .text.I2C_IsAcknowledgeFailed
                0x0000000008002038       0x5c ./Drivers/STM32F1xx_HAL_Driver/Src/stm32f1xx_hal_i2c.o
 .text.HAL_RCC_OscConfig
                0x0000000008002094      0x504 ./Drivers/STM32F1xx_HAL_Driver/Src/stm32f1xx_hal_rcc.o
                0x0000000008002094                HAL_RCC_OscConfig
 .text.HAL_RCC_ClockConfig
                0x0000000008002598      0x1d4 ./Drivers/STM32F1xx_HAL_Driver/Src/stm32f1xx_hal_rcc.o
                0x0000000008002598                HAL_RCC_ClockConfig
 .text.HAL_RCC_GetSysClockFreq
                0x000000000800276c       0xa8 ./Drivers/STM32F1xx_HAL_Driver/Src/stm32f1xx_hal_rcc.o
                0x000000000800276c                HAL_RCC_GetSysClockFreq
 .text.HAL_RCC_GetHCLKFreq
                0x0000000008002814       0x14 ./Drivers/STM32F1xx_HAL_Driver/Src/stm32f1xx_hal_rcc.o
                0x0000000008002814                HAL_RCC_GetHCLKFreq
 .text.HAL_RCC_GetPCLK1Freq
                0x0000000008002828       0x28 ./Drivers/STM32F1xx_HAL_Driver/Src/stm32f1xx_hal_rcc.o
                0x0000000008002828                HAL_RCC_GetPCLK1Freq
 .text.HAL_RCC_GetPCLK2Freq
                0x0000000008002850       0x28 ./Drivers/STM32F1xx_HAL_Driver/Src/stm32f1xx_hal_rcc.o
                0x0000000008002850                HAL_RCC_GetPCLK2Freq
 .text.RCC_Delay
                0x0000000008002878       0x3c ./Drivers/STM32F1xx_HAL_Driver/Src/stm32f1xx_hal_rcc.o
 .text.HAL_TIM_Base_Init
                0x00000000080028b4       0x9e ./Drivers/STM32F1xx_HAL_Driver/Src/stm32f1xx_hal_tim.o
                0x00000000080028b4                HAL_TIM_Base_Init
 *fill*         0x0000000008002952        0x2 
 .text.HAL_TIM_Base_Start_IT
                0x0000000008002954       0xa4 ./Drivers/STM32F1xx_HAL_Driver/Src/stm32f1xx_hal_tim.o
                0x0000000008002954                HAL_TIM_Base_Start_IT
 .text.HAL_TIM_Encoder_Init
                0x00000000080029f8      0x144 ./Drivers/STM32F1xx_HAL_Driver/Src/stm32f1xx_hal_tim.o
                0x00000000080029f8                HAL_TIM_Encoder_Init
 .text.HAL_TIM_Encoder_Start
                0x0000000008002b3c      0x11c ./Drivers/STM32F1xx_HAL_Driver/Src/stm32f1xx_hal_tim.o
                0x0000000008002b3c                HAL_TIM_Encoder_Start
 .text.HAL_TIM_IRQHandler
                0x0000000008002c58      0x210 ./Drivers/STM32F1xx_HAL_Driver/Src/stm32f1xx_hal_tim.o
                0x0000000008002c58                HAL_TIM_IRQHandler
 .text.HAL_TIM_ConfigClockSource
                0x0000000008002e68      0x18e ./Drivers/STM32F1xx_HAL_Driver/Src/stm32f1xx_hal_tim.o
                0x0000000008002e68                HAL_TIM_ConfigClockSource
 .text.HAL_TIM_OC_DelayElapsedCallback
                0x0000000008002ff6       0x12 ./Drivers/STM32F1xx_HAL_Driver/Src/stm32f1xx_hal_tim.o
                0x0000000008002ff6                HAL_TIM_OC_DelayElapsedCallback
 .text.HAL_TIM_IC_CaptureCallback
                0x0000000008003008       0x12 ./Drivers/STM32F1xx_HAL_Driver/Src/stm32f1xx_hal_tim.o
                0x0000000008003008                HAL_TIM_IC_CaptureCallback
 .text.HAL_TIM_PWM_PulseFinishedCallback
                0x000000000800301a       0x12 ./Drivers/STM32F1xx_HAL_Driver/Src/stm32f1xx_hal_tim.o
                0x000000000800301a                HAL_TIM_PWM_PulseFinishedCallback
 .text.HAL_TIM_TriggerCallback
                0x000000000800302c       0x12 ./Drivers/STM32F1xx_HAL_Driver/Src/stm32f1xx_hal_tim.o
                0x000000000800302c                HAL_TIM_TriggerCallback
 *fill*         0x000000000800303e        0x2 
 .text.TIM_Base_SetConfig
                0x0000000008003040       0xc4 ./Drivers/STM32F1xx_HAL_Driver/Src/stm32f1xx_hal_tim.o
                0x0000000008003040                TIM_Base_SetConfig
 .text.TIM_TI1_ConfigInputStage
                0x0000000008003104       0x5c ./Drivers/STM32F1xx_HAL_Driver/Src/stm32f1xx_hal_tim.o
 .text.TIM_TI2_ConfigInputStage
                0x0000000008003160       0x5e ./Drivers/STM32F1xx_HAL_Driver/Src/stm32f1xx_hal_tim.o
 .text.TIM_ITRx_SetConfig
                0x00000000080031be       0x34 ./Drivers/STM32F1xx_HAL_Driver/Src/stm32f1xx_hal_tim.o
 .text.TIM_ETR_SetConfig
                0x00000000080031f2       0x3e ./Drivers/STM32F1xx_HAL_Driver/Src/stm32f1xx_hal_tim.o
                0x00000000080031f2                TIM_ETR_SetConfig
 .text.TIM_CCxChannelCmd
                0x0000000008003230       0x48 ./Drivers/STM32F1xx_HAL_Driver/Src/stm32f1xx_hal_tim.o
                0x0000000008003230                TIM_CCxChannelCmd
 .text.HAL_TIMEx_MasterConfigSynchronization
                0x0000000008003278       0xbc ./Drivers/STM32F1xx_HAL_Driver/Src/stm32f1xx_hal_tim_ex.o
                0x0000000008003278                HAL_TIMEx_MasterConfigSynchronization
 .text.HAL_TIMEx_CommutCallback
                0x0000000008003334       0x12 ./Drivers/STM32F1xx_HAL_Driver/Src/stm32f1xx_hal_tim_ex.o
                0x0000000008003334                HAL_TIMEx_CommutCallback
 .text.HAL_TIMEx_BreakCallback
                0x0000000008003346       0x12 ./Drivers/STM32F1xx_HAL_Driver/Src/stm32f1xx_hal_tim_ex.o
                0x0000000008003346                HAL_TIMEx_BreakCallback
 .text.HAL_UART_Init
                0x0000000008003358       0xa0 ./Drivers/STM32F1xx_HAL_Driver/Src/stm32f1xx_hal_uart.o
                0x0000000008003358                HAL_UART_Init
 .text.UART_SetConfig
                0x00000000080033f8      0x11c ./Drivers/STM32F1xx_HAL_Driver/Src/stm32f1xx_hal_uart.o
 .text.__libc_init_array
                0x0000000008003514       0x48 c:/st/stm32cubeide_1.10.1/stm32cubeide/plugins/com.st.stm32cube.ide.mcu.externaltools.gnu-tools-for-stm32.10.3-2021.10.win32_1.0.0.202111181127/tools/bin/../lib/gcc/arm-none-eabi/10.3.1/../../../../arm-none-eabi/lib/thumb/v7-m/nofp\libc_nano.a(lib_a-init.o)
                0x0000000008003514                __libc_init_array
 .text.memset   0x000000000800355c       0x10 c:/st/stm32cubeide_1.10.1/stm32cubeide/plugins/com.st.stm32cube.ide.mcu.externaltools.gnu-tools-for-stm32.10.3-2021.10.win32_1.0.0.202111181127/tools/bin/../lib/gcc/arm-none-eabi/10.3.1/../../../../arm-none-eabi/lib/thumb/v7-m/nofp\libc_nano.a(lib_a-memset.o)
                0x000000000800355c                memset
 *(.glue_7)
 .glue_7        0x000000000800356c        0x0 linker stubs
 *(.glue_7t)
 .glue_7t       0x000000000800356c        0x0 linker stubs
 *(.eh_frame)
 .eh_frame      0x000000000800356c        0x0 c:/st/stm32cubeide_1.10.1/stm32cubeide/plugins/com.st.stm32cube.ide.mcu.externaltools.gnu-tools-for-stm32.10.3-2021.10.win32_1.0.0.202111181127/tools/bin/../lib/gcc/arm-none-eabi/10.3.1/thumb/v7-m/nofp/crtbegin.o
 *(.init)
 .init          0x000000000800356c        0x4 c:/st/stm32cubeide_1.10.1/stm32cubeide/plugins/com.st.stm32cube.ide.mcu.externaltools.gnu-tools-for-stm32.10.3-2021.10.win32_1.0.0.202111181127/tools/bin/../lib/gcc/arm-none-eabi/10.3.1/thumb/v7-m/nofp/crti.o
                0x000000000800356c                _init
 .init          0x0000000008003570        0x8 c:/st/stm32cubeide_1.10.1/stm32cubeide/plugins/com.st.stm32cube.ide.mcu.externaltools.gnu-tools-for-stm32.10.3-2021.10.win32_1.0.0.202111181127/tools/bin/../lib/gcc/arm-none-eabi/10.3.1/thumb/v7-m/nofp/crtn.o
 *(.fini)
 .fini          0x0000000008003578        0x4 c:/st/stm32cubeide_1.10.1/stm32cubeide/plugins/com.st.stm32cube.ide.mcu.externaltools.gnu-tools-for-stm32.10.3-2021.10.win32_1.0.0.202111181127/tools/bin/../lib/gcc/arm-none-eabi/10.3.1/thumb/v7-m/nofp/crti.o
                0x0000000008003578                _fini
 .fini          0x000000000800357c        0x8 c:/st/stm32cubeide_1.10.1/stm32cubeide/plugins/com.st.stm32cube.ide.mcu.externaltools.gnu-tools-for-stm32.10.3-2021.10.win32_1.0.0.202111181127/tools/bin/../lib/gcc/arm-none-eabi/10.3.1/thumb/v7-m/nofp/crtn.o
                0x0000000008003584                . = ALIGN (0x4)
                0x0000000008003584                _etext = .

.vfp11_veneer   0x0000000008003584        0x0
 .vfp11_veneer  0x0000000008003584        0x0 linker stubs

.v4_bx          0x0000000008003584        0x0
 .v4_bx         0x0000000008003584        0x0 linker stubs

.iplt           0x0000000008003584        0x0
 .iplt          0x0000000008003584        0x0 c:/st/stm32cubeide_1.10.1/stm32cubeide/plugins/com.st.stm32cube.ide.mcu.externaltools.gnu-tools-for-stm32.10.3-2021.10.win32_1.0.0.202111181127/tools/bin/../lib/gcc/arm-none-eabi/10.3.1/thumb/v7-m/nofp/crtbegin.o

.rodata         0x0000000008003584     0x282c
                0x0000000008003584                . = ALIGN (0x4)
 *(.rodata)
 *(.rodata*)
 .rodata.horse1
                0x0000000008003584      0x400 ./Core/Src/main.o
                0x0000000008003584                horse1
 .rodata.horse2
                0x0000000008003984      0x400 ./Core/Src/main.o
                0x0000000008003984                horse2
 .rodata.horse3
                0x0000000008003d84      0x400 ./Core/Src/main.o
                0x0000000008003d84                horse3
 .rodata.horse4
                0x0000000008004184      0x400 ./Core/Src/main.o
                0x0000000008004184                horse4
 .rodata.horse5
                0x0000000008004584      0x400 ./Core/Src/main.o
                0x0000000008004584                horse5
 .rodata.horse6
                0x0000000008004984      0x400 ./Core/Src/main.o
                0x0000000008004984                horse6
 .rodata.horse7
                0x0000000008004d84      0x400 ./Core/Src/main.o
                0x0000000008004d84                horse7
 .rodata.horse8
                0x0000000008005184      0x400 ./Core/Src/main.o
                0x0000000008005184                horse8
 .rodata.horse9
                0x0000000008005584      0x400 ./Core/Src/main.o
                0x0000000008005584                horse9
 .rodata.horse10
                0x0000000008005984      0x400 ./Core/Src/main.o
                0x0000000008005984                horse10
 .rodata.AHBPrescTable
                0x0000000008005d84       0x10 ./Core/Src/system_stm32f1xx.o
                0x0000000008005d84                AHBPrescTable
 .rodata.APBPrescTable
                0x0000000008005d94        0x8 ./Core/Src/system_stm32f1xx.o
                0x0000000008005d94                APBPrescTable
 .rodata.aPLLMULFactorTable.1
                0x0000000008005d9c       0x10 ./Drivers/STM32F1xx_HAL_Driver/Src/stm32f1xx_hal_rcc.o
 .rodata.aPredivFactorTable.0
                0x0000000008005dac        0x2 ./Drivers/STM32F1xx_HAL_Driver/Src/stm32f1xx_hal_rcc.o
                0x0000000008005db0                . = ALIGN (0x4)
 *fill*         0x0000000008005dae        0x2 

.rel.dyn        0x0000000008005db0        0x0
 .rel.iplt      0x0000000008005db0        0x0 c:/st/stm32cubeide_1.10.1/stm32cubeide/plugins/com.st.stm32cube.ide.mcu.externaltools.gnu-tools-for-stm32.10.3-2021.10.win32_1.0.0.202111181127/tools/bin/../lib/gcc/arm-none-eabi/10.3.1/thumb/v7-m/nofp/crtbegin.o

.ARM.extab      0x0000000008005db0        0x0
                0x0000000008005db0                . = ALIGN (0x4)
 *(.ARM.extab* .gnu.linkonce.armextab.*)
                0x0000000008005db0                . = ALIGN (0x4)

.ARM            0x0000000008005db0        0x0
                0x0000000008005db0                . = ALIGN (0x4)
                0x0000000008005db0                __exidx_start = .
 *(.ARM.exidx*)
                0x0000000008005db0                __exidx_end = .
                0x0000000008005db0                . = ALIGN (0x4)

.preinit_array  0x0000000008005db0        0x0
                0x0000000008005db0                . = ALIGN (0x4)
                0x0000000008005db0                PROVIDE (__preinit_array_start = .)
 *(.preinit_array*)
                0x0000000008005db0                PROVIDE (__preinit_array_end = .)
                0x0000000008005db0                . = ALIGN (0x4)

.init_array     0x0000000008005db0        0x4
                0x0000000008005db0                . = ALIGN (0x4)
                0x0000000008005db0                PROVIDE (__init_array_start = .)
 *(SORT_BY_NAME(.init_array.*))
 *(.init_array*)
 .init_array    0x0000000008005db0        0x4 c:/st/stm32cubeide_1.10.1/stm32cubeide/plugins/com.st.stm32cube.ide.mcu.externaltools.gnu-tools-for-stm32.10.3-2021.10.win32_1.0.0.202111181127/tools/bin/../lib/gcc/arm-none-eabi/10.3.1/thumb/v7-m/nofp/crtbegin.o
                0x0000000008005db4                PROVIDE (__init_array_end = .)
                0x0000000008005db4                . = ALIGN (0x4)

.fini_array     0x0000000008005db4        0x4
                0x0000000008005db4                . = ALIGN (0x4)
                [!provide]                        PROVIDE (__fini_array_start = .)
 *(SORT_BY_NAME(.fini_array.*))
 *(.fini_array*)
 .fini_array    0x0000000008005db4        0x4 c:/st/stm32cubeide_1.10.1/stm32cubeide/plugins/com.st.stm32cube.ide.mcu.externaltools.gnu-tools-for-stm32.10.3-2021.10.win32_1.0.0.202111181127/tools/bin/../lib/gcc/arm-none-eabi/10.3.1/thumb/v7-m/nofp/crtbegin.o
                [!provide]                        PROVIDE (__fini_array_end = .)
                0x0000000008005db8                . = ALIGN (0x4)
                0x0000000008005db8                _sidata = LOADADDR (.data)

.data           0x0000000020000000        0xc load address 0x0000000008005db8
                0x0000000020000000                . = ALIGN (0x4)
                0x0000000020000000                _sdata = .
 *(.data)
 *(.data*)
 .data.SystemCoreClock
                0x0000000020000000        0x4 ./Core/Src/system_stm32f1xx.o
                0x0000000020000000                SystemCoreClock
 .data.uwTickPrio
                0x0000000020000004        0x4 ./Drivers/STM32F1xx_HAL_Driver/Src/stm32f1xx_hal.o
                0x0000000020000004                uwTickPrio
 .data.uwTickFreq
                0x0000000020000008        0x1 ./Drivers/STM32F1xx_HAL_Driver/Src/stm32f1xx_hal.o
                0x0000000020000008                uwTickFreq
 *(.RamFunc)
 *(.RamFunc*)
                0x000000002000000c                . = ALIGN (0x4)
 *fill*         0x0000000020000009        0x3 
                0x000000002000000c                _edata = .

.igot.plt       0x000000002000000c        0x0 load address 0x0000000008005dc4
 .igot.plt      0x000000002000000c        0x0 c:/st/stm32cubeide_1.10.1/stm32cubeide/plugins/com.st.stm32cube.ide.mcu.externaltools.gnu-tools-for-stm32.10.3-2021.10.win32_1.0.0.202111181127/tools/bin/../lib/gcc/arm-none-eabi/10.3.1/thumb/v7-m/nofp/crtbegin.o
                0x000000002000000c                . = ALIGN (0x4)

.bss            0x000000002000000c      0x558 load address 0x0000000008005dc4
                0x000000002000000c                _sbss = .
                0x000000002000000c                __bss_start__ = _sbss
 *(.bss)
 .bss           0x000000002000000c       0x1c c:/st/stm32cubeide_1.10.1/stm32cubeide/plugins/com.st.stm32cube.ide.mcu.externaltools.gnu-tools-for-stm32.10.3-2021.10.win32_1.0.0.202111181127/tools/bin/../lib/gcc/arm-none-eabi/10.3.1/thumb/v7-m/nofp/crtbegin.o
 *(.bss*)
 .bss.hi2c1     0x0000000020000028       0x54 ./Core/Src/main.o
                0x0000000020000028                hi2c1
 .bss.htim2     0x000000002000007c       0x48 ./Core/Src/main.o
                0x000000002000007c                htim2
 .bss.htim3     0x00000000200000c4       0x48 ./Core/Src/main.o
                0x00000000200000c4                htim3
 .bss.huart1    0x000000002000010c       0x48 ./Core/Src/main.o
                0x000000002000010c                huart1
 .bss.value     0x0000000020000154        0x1 ./Core/Src/main.o
                0x0000000020000154                value
 *fill*         0x0000000020000155        0x3 
 .bss.SSD1306_Buffer
                0x0000000020000158      0x400 ./Core/Src/ssd1306.o
 .bss.SSD1306   0x0000000020000558        0x6 ./Core/Src/ssd1306.o
 *fill*         0x000000002000055e        0x2 
 .bss.uwTick    0x0000000020000560        0x4 ./Drivers/STM32F1xx_HAL_Driver/Src/stm32f1xx_hal.o
                0x0000000020000560                uwTick
 *(COMMON)
                0x0000000020000564                . = ALIGN (0x4)
                0x0000000020000564                _ebss = .
                0x0000000020000564                __bss_end__ = _ebss

._user_heap_stack
                0x0000000020000564      0x604 load address 0x0000000008005dc4
                0x0000000020000568                . = ALIGN (0x8)
 *fill*         0x0000000020000564        0x4 
                [!provide]                        PROVIDE (end = .)
                0x0000000020000568                PROVIDE (_end = .)
                0x0000000020000768                . = (. + _Min_Heap_Size)
 *fill*         0x0000000020000568      0x200 
                0x0000000020000b68                . = (. + _Min_Stack_Size)
 *fill*         0x0000000020000768      0x400 
                0x0000000020000b68                . = ALIGN (0x8)

/DISCARD/
 libc.a(*)
 libm.a(*)
 libgcc.a(*)

.ARM.attributes
                0x0000000000000000       0x29
 *(.ARM.attributes)
 .ARM.attributes
                0x0000000000000000       0x1d c:/st/stm32cubeide_1.10.1/stm32cubeide/plugins/com.st.stm32cube.ide.mcu.externaltools.gnu-tools-for-stm32.10.3-2021.10.win32_1.0.0.202111181127/tools/bin/../lib/gcc/arm-none-eabi/10.3.1/thumb/v7-m/nofp/crti.o
 .ARM.attributes
                0x000000000000001d       0x2d c:/st/stm32cubeide_1.10.1/stm32cubeide/plugins/com.st.stm32cube.ide.mcu.externaltools.gnu-tools-for-stm32.10.3-2021.10.win32_1.0.0.202111181127/tools/bin/../lib/gcc/arm-none-eabi/10.3.1/thumb/v7-m/nofp/crtbegin.o
 .ARM.attributes
                0x000000000000004a       0x2d ./Core/Src/main.o
 .ARM.attributes
                0x0000000000000077       0x2d ./Core/Src/ssd1306.o
 .ARM.attributes
                0x00000000000000a4       0x2d ./Core/Src/stm32f1xx_hal_msp.o
 .ARM.attributes
                0x00000000000000d1       0x2d ./Core/Src/stm32f1xx_it.o
 .ARM.attributes
                0x00000000000000fe       0x2d ./Core/Src/system_stm32f1xx.o
 .ARM.attributes
                0x000000000000012b       0x21 ./Core/Startup/startup_stm32f103c8tx.o
 .ARM.attributes
                0x000000000000014c       0x2d ./Drivers/STM32F1xx_HAL_Driver/Src/stm32f1xx_hal.o
 .ARM.attributes
                0x0000000000000179       0x2d ./Drivers/STM32F1xx_HAL_Driver/Src/stm32f1xx_hal_cortex.o
 .ARM.attributes
                0x00000000000001a6       0x2d ./Drivers/STM32F1xx_HAL_Driver/Src/stm32f1xx_hal_gpio.o
 .ARM.attributes
                0x00000000000001d3       0x2d ./Drivers/STM32F1xx_HAL_Driver/Src/stm32f1xx_hal_i2c.o
 .ARM.attributes
                0x0000000000000200       0x2d ./Drivers/STM32F1xx_HAL_Driver/Src/stm32f1xx_hal_rcc.o
 .ARM.attributes
                0x000000000000022d       0x2d ./Drivers/STM32F1xx_HAL_Driver/Src/stm32f1xx_hal_tim.o
 .ARM.attributes
                0x000000000000025a       0x2d ./Drivers/STM32F1xx_HAL_Driver/Src/stm32f1xx_hal_tim_ex.o
 .ARM.attributes
                0x0000000000000287       0x2d ./Drivers/STM32F1xx_HAL_Driver/Src/stm32f1xx_hal_uart.o
 .ARM.attributes
                0x00000000000002b4       0x2d c:/st/stm32cubeide_1.10.1/stm32cubeide/plugins/com.st.stm32cube.ide.mcu.externaltools.gnu-tools-for-stm32.10.3-2021.10.win32_1.0.0.202111181127/tools/bin/../lib/gcc/arm-none-eabi/10.3.1/../../../../arm-none-eabi/lib/thumb/v7-m/nofp\libc_nano.a(lib_a-init.o)
 .ARM.attributes
                0x00000000000002e1       0x2d c:/st/stm32cubeide_1.10.1/stm32cubeide/plugins/com.st.stm32cube.ide.mcu.externaltools.gnu-tools-for-stm32.10.3-2021.10.win32_1.0.0.202111181127/tools/bin/../lib/gcc/arm-none-eabi/10.3.1/../../../../arm-none-eabi/lib/thumb/v7-m/nofp\libc_nano.a(lib_a-memset.o)
 .ARM.attributes
                0x000000000000030e       0x1d c:/st/stm32cubeide_1.10.1/stm32cubeide/plugins/com.st.stm32cube.ide.mcu.externaltools.gnu-tools-for-stm32.10.3-2021.10.win32_1.0.0.202111181127/tools/bin/../lib/gcc/arm-none-eabi/10.3.1/thumb/v7-m/nofp/crtn.o
OUTPUT(OLED.elf elf32-littlearm)
LOAD linker stubs
LOAD c:/st/stm32cubeide_1.10.1/stm32cubeide/plugins/com.st.stm32cube.ide.mcu.externaltools.gnu-tools-for-stm32.10.3-2021.10.win32_1.0.0.202111181127/tools/bin/../lib/gcc/arm-none-eabi/10.3.1/../../../../arm-none-eabi/lib/thumb/v7-m/nofp\libc.a
LOAD c:/st/stm32cubeide_1.10.1/stm32cubeide/plugins/com.st.stm32cube.ide.mcu.externaltools.gnu-tools-for-stm32.10.3-2021.10.win32_1.0.0.202111181127/tools/bin/../lib/gcc/arm-none-eabi/10.3.1/../../../../arm-none-eabi/lib/thumb/v7-m/nofp\libm.a
LOAD c:/st/stm32cubeide_1.10.1/stm32cubeide/plugins/com.st.stm32cube.ide.mcu.externaltools.gnu-tools-for-stm32.10.3-2021.10.win32_1.0.0.202111181127/tools/bin/../lib/gcc/arm-none-eabi/10.3.1/thumb/v7-m/nofp\libgcc.a

.debug_info     0x0000000000000000     0xfdb6
 .debug_info    0x0000000000000000     0x156c ./Core/Src/main.o
 .debug_info    0x000000000000156c     0x1206 ./Core/Src/ssd1306.o
 .debug_info    0x0000000000002772     0x1185 ./Core/Src/stm32f1xx_hal_msp.o
 .debug_info    0x00000000000038f7      0x70d ./Core/Src/stm32f1xx_it.o
 .debug_info    0x0000000000004004      0x23d ./Core/Src/system_stm32f1xx.o
 .debug_info    0x0000000000004241       0x22 ./Core/Startup/startup_stm32f103c8tx.o
 .debug_info    0x0000000000004263      0x734 ./Drivers/STM32F1xx_HAL_Driver/Src/stm32f1xx_hal.o
 .debug_info    0x0000000000004997      0xb20 ./Drivers/STM32F1xx_HAL_Driver/Src/stm32f1xx_hal_cortex.o
 .debug_info    0x00000000000054b7      0x615 ./Drivers/STM32F1xx_HAL_Driver/Src/stm32f1xx_hal_gpio.o
 .debug_info    0x0000000000005acc     0x2761 ./Drivers/STM32F1xx_HAL_Driver/Src/stm32f1xx_hal_i2c.o
 .debug_info    0x000000000000822d      0x865 ./Drivers/STM32F1xx_HAL_Driver/Src/stm32f1xx_hal_rcc.o
 .debug_info    0x0000000000008a92     0x2bab ./Drivers/STM32F1xx_HAL_Driver/Src/stm32f1xx_hal_tim.o
 .debug_info    0x000000000000b63d     0x15c7 ./Drivers/STM32F1xx_HAL_Driver/Src/stm32f1xx_hal_tim_ex.o
 .debug_info    0x000000000000cc04     0x31b2 ./Drivers/STM32F1xx_HAL_Driver/Src/stm32f1xx_hal_uart.o

.debug_abbrev   0x0000000000000000     0x1e94
 .debug_abbrev  0x0000000000000000      0x321 ./Core/Src/main.o
 .debug_abbrev  0x0000000000000321      0x316 ./Core/Src/ssd1306.o
 .debug_abbrev  0x0000000000000637      0x20a ./Core/Src/stm32f1xx_hal_msp.o
 .debug_abbrev  0x0000000000000841      0x184 ./Core/Src/stm32f1xx_it.o
 .debug_abbrev  0x00000000000009c5      0x13b ./Core/Src/system_stm32f1xx.o
 .debug_abbrev  0x0000000000000b00       0x12 ./Core/Startup/startup_stm32f103c8tx.o
 .debug_abbrev  0x0000000000000b12      0x1fb ./Drivers/STM32F1xx_HAL_Driver/Src/stm32f1xx_hal.o
 .debug_abbrev  0x0000000000000d0d      0x2ed ./Drivers/STM32F1xx_HAL_Driver/Src/stm32f1xx_hal_cortex.o
 .debug_abbrev  0x0000000000000ffa      0x1bb ./Drivers/STM32F1xx_HAL_Driver/Src/stm32f1xx_hal_gpio.o
 .debug_abbrev  0x00000000000011b5      0x288 ./Drivers/STM32F1xx_HAL_Driver/Src/stm32f1xx_hal_i2c.o
 .debug_abbrev  0x000000000000143d      0x2a8 ./Drivers/STM32F1xx_HAL_Driver/Src/stm32f1xx_hal_rcc.o
 .debug_abbrev  0x00000000000016e5      0x264 ./Drivers/STM32F1xx_HAL_Driver/Src/stm32f1xx_hal_tim.o
 .debug_abbrev  0x0000000000001949      0x26c ./Drivers/STM32F1xx_HAL_Driver/Src/stm32f1xx_hal_tim_ex.o
 .debug_abbrev  0x0000000000001bb5      0x2df ./Drivers/STM32F1xx_HAL_Driver/Src/stm32f1xx_hal_uart.o

.debug_aranges  0x0000000000000000      0xf30
 .debug_aranges
                0x0000000000000000       0x68 ./Core/Src/main.o
 .debug_aranges
                0x0000000000000068       0xf8 ./Core/Src/ssd1306.o
 .debug_aranges
                0x0000000000000160       0x60 ./Core/Src/stm32f1xx_hal_msp.o
 .debug_aranges
                0x00000000000001c0       0x70 ./Core/Src/stm32f1xx_it.o
 .debug_aranges
                0x0000000000000230       0x28 ./Core/Src/system_stm32f1xx.o
 .debug_aranges
                0x0000000000000258       0x28 ./Core/Startup/startup_stm32f103c8tx.o
 .debug_aranges
                0x0000000000000280       0xe0 ./Drivers/STM32F1xx_HAL_Driver/Src/stm32f1xx_hal.o
 .debug_aranges
                0x0000000000000360      0x100 ./Drivers/STM32F1xx_HAL_Driver/Src/stm32f1xx_hal_cortex.o
 .debug_aranges
                0x0000000000000460       0x58 ./Drivers/STM32F1xx_HAL_Driver/Src/stm32f1xx_hal_gpio.o
 .debug_aranges
                0x00000000000004b8      0x2a8 ./Drivers/STM32F1xx_HAL_Driver/Src/stm32f1xx_hal_i2c.o
 .debug_aranges
                0x0000000000000760       0x90 ./Drivers/STM32F1xx_HAL_Driver/Src/stm32f1xx_hal_rcc.o
 .debug_aranges
                0x00000000000007f0      0x3d0 ./Drivers/STM32F1xx_HAL_Driver/Src/stm32f1xx_hal_tim.o
 .debug_aranges
                0x0000000000000bc0      0x168 ./Drivers/STM32F1xx_HAL_Driver/Src/stm32f1xx_hal_tim_ex.o
 .debug_aranges
                0x0000000000000d28      0x208 ./Drivers/STM32F1xx_HAL_Driver/Src/stm32f1xx_hal_uart.o

.debug_ranges   0x0000000000000000      0xea0
 .debug_ranges  0x0000000000000000       0x58 ./Core/Src/main.o
 .debug_ranges  0x0000000000000058       0xe8 ./Core/Src/ssd1306.o
 .debug_ranges  0x0000000000000140       0x50 ./Core/Src/stm32f1xx_hal_msp.o
 .debug_ranges  0x0000000000000190       0x60 ./Core/Src/stm32f1xx_it.o
 .debug_ranges  0x00000000000001f0       0x18 ./Core/Src/system_stm32f1xx.o
 .debug_ranges  0x0000000000000208       0x20 ./Core/Startup/startup_stm32f103c8tx.o
 .debug_ranges  0x0000000000000228       0xd0 ./Drivers/STM32F1xx_HAL_Driver/Src/stm32f1xx_hal.o
 .debug_ranges  0x00000000000002f8       0xf0 ./Drivers/STM32F1xx_HAL_Driver/Src/stm32f1xx_hal_cortex.o
 .debug_ranges  0x00000000000003e8       0x48 ./Drivers/STM32F1xx_HAL_Driver/Src/stm32f1xx_hal_gpio.o
 .debug_ranges  0x0000000000000430      0x2b0 ./Drivers/STM32F1xx_HAL_Driver/Src/stm32f1xx_hal_i2c.o
 .debug_ranges  0x00000000000006e0       0x80 ./Drivers/STM32F1xx_HAL_Driver/Src/stm32f1xx_hal_rcc.o
 .debug_ranges  0x0000000000000760      0x3c0 ./Drivers/STM32F1xx_HAL_Driver/Src/stm32f1xx_hal_tim.o
 .debug_ranges  0x0000000000000b20      0x158 ./Drivers/STM32F1xx_HAL_Driver/Src/stm32f1xx_hal_tim_ex.o
 .debug_ranges  0x0000000000000c78      0x228 ./Drivers/STM32F1xx_HAL_Driver/Src/stm32f1xx_hal_uart.o

.debug_macro    0x0000000000000000     0x1a36
 .debug_macro   0x0000000000000000      0x31d ./Core/Src/main.o
 .debug_macro   0x000000000000031d       0x10 ./Core/Src/main.o
 .debug_macro   0x000000000000032d       0x16 ./Core/Src/main.o
 .debug_macro   0x0000000000000343       0x16 ./Core/Src/main.o
 .debug_macro   0x0000000000000359       0x29 ./Core/Src/main.o
 .debug_macro   0x0000000000000382       0x1c ./Core/Src/main.o
 .debug_macro   0x000000000000039e      0x310 ./Core/Src/ssd1306.o
 .debug_macro   0x00000000000006ae      0x1bc ./Core/Src/stm32f1xx_hal_msp.o
 .debug_macro   0x000000000000086a      0x1c6 ./Core/Src/stm32f1xx_it.o
 .debug_macro   0x0000000000000a30      0x1ad ./Core/Src/system_stm32f1xx.o
 .debug_macro   0x0000000000000bdd      0x1d1 ./Drivers/STM32F1xx_HAL_Driver/Src/stm32f1xx_hal.o
 .debug_macro   0x0000000000000dae      0x1ad ./Drivers/STM32F1xx_HAL_Driver/Src/stm32f1xx_hal_cortex.o
 .debug_macro   0x0000000000000f5b      0x218 ./Drivers/STM32F1xx_HAL_Driver/Src/stm32f1xx_hal_gpio.o
 .debug_macro   0x0000000000001173      0x1fb ./Drivers/STM32F1xx_HAL_Driver/Src/stm32f1xx_hal_i2c.o
 .debug_macro   0x000000000000136e      0x1bf ./Drivers/STM32F1xx_HAL_Driver/Src/stm32f1xx_hal_rcc.o
 .debug_macro   0x000000000000152d      0x1ae ./Drivers/STM32F1xx_HAL_Driver/Src/stm32f1xx_hal_tim.o
 .debug_macro   0x00000000000016db      0x1ad ./Drivers/STM32F1xx_HAL_Driver/Src/stm32f1xx_hal_tim_ex.o
 .debug_macro   0x0000000000001888      0x1ae ./Drivers/STM32F1xx_HAL_Driver/Src/stm32f1xx_hal_uart.o

.debug_line     0x0000000000000000    0x10bca
 .debug_line    0x0000000000000000      0xab0 ./Core/Src/main.o
 .debug_line    0x0000000000000ab0      0xfc0 ./Core/Src/ssd1306.o
 .debug_line    0x0000000000001a70      0x7ac ./Core/Src/stm32f1xx_hal_msp.o
 .debug_line    0x000000000000221c      0x77b ./Core/Src/stm32f1xx_it.o
 .debug_line    0x0000000000002997      0x707 ./Core/Src/system_stm32f1xx.o
 .debug_line    0x000000000000309e       0x87 ./Core/Startup/startup_stm32f103c8tx.o
 .debug_line    0x0000000000003125      0x934 ./Drivers/STM32F1xx_HAL_Driver/Src/stm32f1xx_hal.o
 .debug_line    0x0000000000003a59      0xb1c ./Drivers/STM32F1xx_HAL_Driver/Src/stm32f1xx_hal_cortex.o
 .debug_line    0x0000000000004575      0x9cd ./Drivers/STM32F1xx_HAL_Driver/Src/stm32f1xx_hal_gpio.o
 .debug_line    0x0000000000004f42     0x3a9a ./Drivers/STM32F1xx_HAL_Driver/Src/stm32f1xx_hal_i2c.o
 .debug_line    0x00000000000089dc      0xd40 ./Drivers/STM32F1xx_HAL_Driver/Src/stm32f1xx_hal_rcc.o
 .debug_line    0x000000000000971c     0x33bf ./Drivers/STM32F1xx_HAL_Driver/Src/stm32f1xx_hal_tim.o
 .debug_line    0x000000000000cadb     0x188a ./Drivers/STM32F1xx_HAL_Driver/Src/stm32f1xx_hal_tim_ex.o
 .debug_line    0x000000000000e365     0x2865 ./Drivers/STM32F1xx_HAL_Driver/Src/stm32f1xx_hal_uart.o

.debug_str      0x0000000000000000    0x8c097
 .debug_str     0x0000000000000000    0x887c1 ./Core/Src/main.o
                                      0x88c4a (size before relaxing)
 .debug_str     0x00000000000887c1      0x52e ./Core/Src/ssd1306.o
                                      0x886dc (size before relaxing)
 .debug_str     0x0000000000088cef      0x3da ./Core/Src/stm32f1xx_hal_msp.o
                                      0x85b7b (size before relaxing)
 .debug_str     0x00000000000890c9       0xfc ./Core/Src/stm32f1xx_it.o
                                      0x8530d (size before relaxing)
 .debug_str     0x00000000000891c5       0x7e ./Core/Src/system_stm32f1xx.o
                                      0x84df4 (size before relaxing)
 .debug_str     0x0000000000089243       0x36 ./Core/Startup/startup_stm32f103c8tx.o
                                         0x58 (size before relaxing)
 .debug_str     0x0000000000089279      0x38e ./Drivers/STM32F1xx_HAL_Driver/Src/stm32f1xx_hal.o
                                      0x85527 (size before relaxing)
 .debug_str     0x0000000000089607      0x294 ./Drivers/STM32F1xx_HAL_Driver/Src/stm32f1xx_hal_cortex.o
                                      0x85473 (size before relaxing)
 .debug_str     0x000000000008989b      0x2d3 ./Drivers/STM32F1xx_HAL_Driver/Src/stm32f1xx_hal_gpio.o
                                      0x8517a (size before relaxing)
 .debug_str     0x0000000000089b6e      0xba7 ./Drivers/STM32F1xx_HAL_Driver/Src/stm32f1xx_hal_i2c.o
                                      0x85ebb (size before relaxing)
 .debug_str     0x000000000008a715      0x209 ./Drivers/STM32F1xx_HAL_Driver/Src/stm32f1xx_hal_rcc.o
                                      0x85223 (size before relaxing)
 .debug_str     0x000000000008a91e      0xcbf ./Drivers/STM32F1xx_HAL_Driver/Src/stm32f1xx_hal_tim.o
                                      0x86215 (size before relaxing)
 .debug_str     0x000000000008b5dd      0x493 ./Drivers/STM32F1xx_HAL_Driver/Src/stm32f1xx_hal_tim_ex.o
                                      0x85a31 (size before relaxing)
 .debug_str     0x000000000008ba70      0x627 ./Drivers/STM32F1xx_HAL_Driver/Src/stm32f1xx_hal_uart.o
                                      0x85894 (size before relaxing)

.comment        0x0000000000000000       0x50
 .comment       0x0000000000000000       0x50 ./Core/Src/main.o
                                         0x51 (size before relaxing)
 .comment       0x0000000000000050       0x51 ./Core/Src/ssd1306.o
 .comment       0x0000000000000050       0x51 ./Core/Src/stm32f1xx_hal_msp.o
 .comment       0x0000000000000050       0x51 ./Core/Src/stm32f1xx_it.o
 .comment       0x0000000000000050       0x51 ./Core/Src/system_stm32f1xx.o
 .comment       0x0000000000000050       0x51 ./Drivers/STM32F1xx_HAL_Driver/Src/stm32f1xx_hal.o
 .comment       0x0000000000000050       0x51 ./Drivers/STM32F1xx_HAL_Driver/Src/stm32f1xx_hal_cortex.o
 .comment       0x0000000000000050       0x51 ./Drivers/STM32F1xx_HAL_Driver/Src/stm32f1xx_hal_gpio.o
 .comment       0x0000000000000050       0x51 ./Drivers/STM32F1xx_HAL_Driver/Src/stm32f1xx_hal_i2c.o
 .comment       0x0000000000000050       0x51 ./Drivers/STM32F1xx_HAL_Driver/Src/stm32f1xx_hal_rcc.o
 .comment       0x0000000000000050       0x51 ./Drivers/STM32F1xx_HAL_Driver/Src/stm32f1xx_hal_tim.o
 .comment       0x0000000000000050       0x51 ./Drivers/STM32F1xx_HAL_Driver/Src/stm32f1xx_hal_tim_ex.o
 .comment       0x0000000000000050       0x51 ./Drivers/STM32F1xx_HAL_Driver/Src/stm32f1xx_hal_uart.o

.debug_frame    0x0000000000000000     0x4120
 .debug_frame   0x0000000000000000      0x158 ./Core/Src/main.o
 .debug_frame   0x0000000000000158      0x414 ./Core/Src/ssd1306.o
 .debug_frame   0x000000000000056c      0x158 ./Core/Src/stm32f1xx_hal_msp.o
 .debug_frame   0x00000000000006c4      0x13c ./Core/Src/stm32f1xx_it.o
 .debug_frame   0x0000000000000800       0x58 ./Core/Src/system_stm32f1xx.o
 .debug_frame   0x0000000000000858      0x334 ./Drivers/STM32F1xx_HAL_Driver/Src/stm32f1xx_hal.o
 .debug_frame   0x0000000000000b8c      0x428 ./Drivers/STM32F1xx_HAL_Driver/Src/stm32f1xx_hal_cortex.o
 .debug_frame   0x0000000000000fb4      0x14c ./Drivers/STM32F1xx_HAL_Driver/Src/stm32f1xx_hal_gpio.o
 .debug_frame   0x0000000000001100      0xc84 ./Drivers/STM32F1xx_HAL_Driver/Src/stm32f1xx_hal_i2c.o
 .debug_frame   0x0000000000001d84      0x218 ./Drivers/STM32F1xx_HAL_Driver/Src/stm32f1xx_hal_rcc.o
 .debug_frame   0x0000000000001f9c     0x11bc ./Drivers/STM32F1xx_HAL_Driver/Src/stm32f1xx_hal_tim.o
 .debug_frame   0x0000000000003158      0x638 ./Drivers/STM32F1xx_HAL_Driver/Src/stm32f1xx_hal_tim_ex.o
 .debug_frame   0x0000000000003790      0x944 ./Drivers/STM32F1xx_HAL_Driver/Src/stm32f1xx_hal_uart.o
 .debug_frame   0x00000000000040d4       0x2c c:/st/stm32cubeide_1.10.1/stm32cubeide/plugins/com.st.stm32cube.ide.mcu.externaltools.gnu-tools-for-stm32.10.3-2021.10.win32_1.0.0.202111181127/tools/bin/../lib/gcc/arm-none-eabi/10.3.1/../../../../arm-none-eabi/lib/thumb/v7-m/nofp\libc_nano.a(lib_a-init.o)
 .debug_frame   0x0000000000004100       0x20 c:/st/stm32cubeide_1.10.1/stm32cubeide/plugins/com.st.stm32cube.ide.mcu.externaltools.gnu-tools-for-stm32.10.3-2021.10.win32_1.0.0.202111181127/tools/bin/../lib/gcc/arm-none-eabi/10.3.1/../../../../arm-none-eabi/lib/thumb/v7-m/nofp\libc_nano.a(lib_a-memset.o)
