main.c:83:6:microDelay	16	static
main.c:89:10:Filter	24	static
main.c:113:10:value_Gp2y10	24	static
main.c:129:6:map	24	static
main.c:132:10:get_PPM	24	static
main.c:156:9:DHT22_Start	32	static
main.c:184:9:DHT22_Read	16	static
main.c:207:6:DHT22_value	8	static
main.c:242:5:main	40	static
main.c:333:6:SystemClock_Config	88	static
main.c:375:13:MX_ADC1_Init	24	static
main.c:425:13:MX_TIM1_Init	32	static
main.c:468:13:MX_TIM2_Init	32	static
main.c:510:13:MX_TIM3_Init	64	static
main.c:565:13:MX_USART1_UART_Init	8	static
main.c:594:13:MX_DMA_Init	16	static
main.c:611:13:MX_GPIO_Init	40	static
main.c:666:6:Error_Handler	4	static,ignoring_inline_asm
