../Core/Src/main.c:80:6:HAL_TIM_PeriodElapsedCallback	16	static
../Core/Src/main.c:85:6:horse_run	24	static
../Core/Src/main.c:134:5:main	8	static
../Core/Src/main.c:199:6:SystemClock_Config	72	static
../Core/Src/main.c:239:13:MX_I2C1_Init	8	static
../Core/Src/main.c:273:13:MX_TIM2_Init	56	static
../Core/Src/main.c:322:13:MX_TIM3_Init	32	static
../Core/Src/main.c:367:13:MX_USART1_UART_Init	8	static
../Core/Src/main.c:400:13:MX_GPIO_Init	40	static
../Core/Src/main.c:430:6:Error_Handler	4	static,ignoring_inline_asm
