20:26:37 **** Incremental Build of configuration Debug for project RIFD_CB_VATCAN ****
make -j8 all 
arm-none-eabi-gcc "../Core/Src/main.c" -mcpu=cortex-m3 -std=gnu11 -g3 -DDEBUG -DUSE_HAL_DRIVER -DSTM32F103xB -c -I../Core/Inc -I../Drivers/STM32F1xx_HAL_Driver/Inc -I../Drivers/STM32F1xx_HAL_Driver/Inc/Legacy -I../Drivers/CMSIS/Device/ST/STM32F1xx/Include -I../Drivers/CMSIS/Include -O0 -ffunction-sections -fdata-sections -Wall -fstack-usage -MMD -MP -MF"Core/Src/main.d" -MT"Core/Src/main.o" --specs=nano.specs -mfloat-abi=soft -mthumb -o "Core/Src/main.o"
arm-none-eabi-gcc -o "RIFD_CB_VATCAN.elf" @"objects.list"   -mcpu=cortex-m3 -T"C:\Users\Admin\STM32CubeIDE\workspace_1.6.1\Project\RIFD_CB_VATCAN\STM32F103C8TX_FLASH.ld" --specs=nosys.specs -Wl,-Map="RIFD_CB_VATCAN.map" -Wl,--gc-sections -static --specs=nano.specs -mfloat-abi=soft -mthumb -Wl,--start-group -lc -lm -Wl,--end-group
Finished building target: RIFD_CB_VATCAN.elf
 
arm-none-eabi-objdump -h -S  RIFD_CB_VATCAN.elf  > "RIFD_CB_VATCAN.list"
arm-none-eabi-objcopy  -O binary  RIFD_CB_VATCAN.elf  "RIFD_CB_VATCAN.bin"
arm-none-eabi-size   RIFD_CB_VATCAN.elf 
   text	   data	    bss	    dec	    hex	filename
  15928	    152	   2008	  18088	   46a8	RIFD_CB_VATCAN.elf
Finished building: default.size.stdout
 
Finished building: RIFD_CB_VATCAN.bin
 
Finished building: RIFD_CB_VATCAN.list
 

20:26:38 Build Finished. 0 errors, 0 warnings. (took 1s.32ms)

