../Core/Src/main.c:79:5:_write	24	static
../Core/Src/main.c:97:6:delay_us	16	static
../Core/Src/main.c:111:5:main	72	static
../Core/Src/main.c:195:6:SystemClock_Config	72	static
../Core/Src/main.c:232:13:MX_I2C1_Init	8	static
../Core/Src/main.c:264:13:MX_TIM3_Init	32	static
../Core/Src/main.c:306:13:MX_USART1_UART_Init	8	static
../Core/Src/main.c:335:13:MX_DMA_Init	16	static
../Core/Src/main.c:352:13:MX_GPIO_Init	40	static
../Core/Src/main.c:384:6:Task02	72	static
../Core/Src/main.c:414:6:StartDefaultTask	40	static
../Core/Src/main.c:440:6:HAL_TIM_PeriodElapsedCallback	16	static
../Core/Src/main.c:456:6:Error_Handler	4	static,ignoring_inline_asm
