../Core/Src/ssd1306.c:32:23:width	4	static
../Core/Src/ssd1306.c:36:23:height	4	static
../Core/Src/ssd1306.c:43:10:ssd1306_GetWidth	4	static
../Core/Src/ssd1306.c:47:10:ssd1306_GetHeight	4	static
../Core/Src/ssd1306.c:51:15:ssd1306_GetColor	4	static
../Core/Src/ssd1306.c:55:6:ssd1306_SetColor	16	static
../Core/Src/ssd1306.c:60:9:ssd1306_Init	8	static
../Core/Src/ssd1306.c:132:6:ssd1306_Fill	16	static
../Core/Src/ssd1306.c:144:6:ssd1306_UpdateScreen	24	static
../Core/Src/ssd1306.c:161:6:ssd1306_DrawPixel	40	static
../Core/Src/ssd1306.c:182:6:ssd1306_DrawLine	48	static
../Core/Src/ssd1306.c:221:6:ssd1306_DrawHorizontalLine	32	static
../Core/Src/ssd1306.c:268:6:ssd1306_DrawVerticalLine	40	static
../Core/Src/ssd1306.c:355:6:ssd1306_DrawRect	24	static
../Core/Src/ssd1306.c:362:6:ssd1306_FillRect	32	static
../Core/Src/ssd1306.c:369:6:ssd1306_DrawTriangle	24	static
../Core/Src/ssd1306.c:377:6:ssd1306_DrawFillTriangle	56	static
../Core/Src/ssd1306.c:434:6:ssd1306_DrawCircle	24	static
../Core/Src/ssd1306.c:460:6:ssd1306_FillCircle	24	static
../Core/Src/ssd1306.c:479:6:ssd1306_DrawCircleQuads	32	static
../Core/Src/ssd1306.c:519:6:ssd1306_DrawProgressBar	40	static
../Core/Src/ssd1306.c:548:6:ssd1306_DrawBitmap	32	static
../Core/Src/ssd1306.c:581:6:ssd1306_WriteChar	40	static
../Core/Src/ssd1306.c:615:6:ssd1306_WriteString	24	static
../Core/Src/ssd1306.c:634:6:ssd1306_SetCursor	16	static
../Core/Src/ssd1306.c:639:6:ssd1306_DisplayOn	8	static
../Core/Src/ssd1306.c:643:6:ssd1306_DisplayOff	8	static
../Core/Src/ssd1306.c:647:6:ssd1306_InvertDisplay	8	static
../Core/Src/ssd1306.c:651:6:ssd1306_NormalDisplay	8	static
../Core/Src/ssd1306.c:655:6:ssd1306_ResetOrientation	8	static
../Core/Src/ssd1306.c:660:6:ssd1306_FlipScreenVertically	8	static
../Core/Src/ssd1306.c:665:6:ssd1306_MirrorScreen	8	static
../Core/Src/ssd1306.c:670:6:ssd1306_Clear	8	static
../Core/Src/ssd1306.c:677:13:ssd1306_WriteCommand	24	static
../Core/Src/ssd1306.c:687:13:ssd1306_WriteData	24	static
../Core/Src/ssd1306.c:698:6:HAL_I2C_MemTxCpltCallback	16	static
