../Core/Src/main.c:65:6:HAL_GPIO_EXTI_Callback	24	static,ignoring_inline_asm
../Core/Src/main.c:73:6:HAL_UART_RxCpltCallback	24	static,ignoring_inline_asm
../Core/Src/main.c:87:5:main	56	static
../Core/Src/main.c:162:6:SystemClock_Config	72	static
../Core/Src/main.c:199:13:MX_USART1_UART_Init	8	static
../Core/Src/main.c:230:13:MX_GPIO_Init	40	static
../Core/Src/main.c:262:6:Task2	24	static
../Core/Src/main.c:279:6:StartDefaultTask	24	static
../Core/Src/main.c:300:6:HAL_TIM_PeriodElapsedCallback	16	static
../Core/Src/main.c:316:6:Error_Handler	4	static,ignoring_inline_asm
