../Core/Src/main.c:70:5:_write	24	static
../Core/Src/main.c:87:6:HAL_UART_RxCpltCallback	24	static
../Core/Src/main.c:101:5:main	72	static
../Core/Src/main.c:181:6:SystemClock_Config	72	static
../Core/Src/main.c:218:13:MX_USART1_UART_Init	8	static
../Core/Src/main.c:249:13:MX_GPIO_Init	16	static
../Core/Src/main.c:258:6:Task2	24	static
../Core/Src/main.c:281:6:StartDefaultTask	24	static
../Core/Src/main.c:301:6:HAL_TIM_PeriodElapsedCallback	16	static
../Core/Src/main.c:317:6:Error_Handler	4	static,ignoring_inline_asm
