../Core/Src/main.c:68:5:_write	24	static
../Core/Src/main.c:85:6:HAL_UART_RxCpltCallback	24	static
../Core/Src/main.c:99:5:main	72	static
../Core/Src/main.c:179:6:SystemClock_Config	72	static
../Core/Src/main.c:216:13:MX_USART1_UART_Init	8	static
../Core/Src/main.c:247:13:MX_GPIO_Init	16	static
../Core/Src/main.c:256:6:Task2	24	static
../Core/Src/main.c:279:6:StartDefaultTask	24	static
../Core/Src/main.c:299:6:HAL_TIM_PeriodElapsedCallback	16	static
../Core/Src/main.c:315:6:Error_Handler	4	static,ignoring_inline_asm
