main.c:74:6:microDelay	16	static
main.c:91:9:DHT22_Start	32	static
main.c:119:9:DHT22_Read	16	static
main.c:142:6:DHT22_value	8	static
main.c:162:6:map	24	static
main.c:168:6:bt_press_callback	16	static
main.c:203:6:on_off_led	16	static
main.c:236:6:show_lcd	8	static
main.c:250:6:HAL_UARTEx_RxEventCallback	16	static
main.c:254:6:check	8	static
main.c:273:6:stepper_half_drive	16	static
main.c:334:6:stepper_set_rpm	16	static
main.c:338:6:stepper_step_angle	48	static
main.c:365:5:main	80	static
main.c:479:6:SystemClock_Config	88	static
main.c:525:13:MX_ADC1_Init	24	static
main.c:570:13:MX_I2C1_Init	8	static
main.c:604:13:MX_TIM1_Init	32	static
main.c:650:13:MX_USART1_UART_Init	8	static
main.c:681:13:MX_DMA_Init	16	static
main.c:699:13:MX_GPIO_Init	40	static
main.c:762:6:Error_Handler	4	static,ignoring_inline_asm
