../Core/Src/main.c:83:6:servo_in_ON	4	static
../Core/Src/main.c:86:6:servo_in_OFF	4	static
../Core/Src/main.c:89:6:servo_out_ON	4	static
../Core/Src/main.c:92:6:servo_out_OFF	4	static
../Core/Src/main.c:102:5:main	112	static
../Core/Src/main.c:260:6:SystemClock_Config	72	static
../Core/Src/main.c:296:13:MX_SPI1_Init	8	static
../Core/Src/main.c:332:13:MX_TIM2_Init	64	static
../Core/Src/main.c:391:13:MX_TIM4_Init	32	static
../Core/Src/main.c:433:13:MX_USART1_UART_Init	8	static
../Core/Src/main.c:464:13:MX_GPIO_Init	40	static
../Core/Src/main.c:509:6:Error_Handler	4	static,ignoring_inline_asm
