../Core/Src/main.c:70:5:_write	24	static
../Core/Src/main.c:89:6:HAL_UART_RxCpltCallback	16	static
../Core/Src/main.c:103:5:main	112	static
../Core/Src/main.c:187:6:SystemClock_Config	72	static
../Core/Src/main.c:224:13:MX_USART1_UART_Init	8	static
../Core/Src/main.c:255:13:MX_GPIO_Init	40	static
../Core/Src/main.c:287:6:StartTask01	16	static
../Core/Src/main.c:306:6:StartTask02	16	static
../Core/Src/main.c:323:6:StartTask03	16	static
../Core/Src/main.c:343:6:HAL_TIM_PeriodElapsedCallback	16	static
../Core/Src/main.c:359:6:Error_Handler	4	static,ignoring_inline_asm
