main.c:92:6:HAL_TIM_PeriodElapsedCallback	16	static
main.c:95:6:map	24	static
main.c:98:6:HAL_UARTEx_RxEventCallback	16	static
main.c:103:6:microDelay	16	static
main.c:109:10:Filter	24	static
main.c:139:10:value_Gp2y10	24	static
main.c:155:10:get_PPM	24	static
main.c:175:6:control	8	static
main.c:206:6:sendData	8	static
main.c:211:6:OnOffLed	24	static
main.c:268:6:show_lcd	8	static
main.c:281:6:bt_press_callback	16	static
main.c:357:5:main	16	static
main.c:488:6:SystemClock_Config	88	static
main.c:534:13:MX_ADC1_Init	24	static
main.c:597:13:MX_I2C1_Init	8	static
main.c:631:13:MX_TIM1_Init	32	static
main.c:677:13:MX_TIM2_Init	64	static
main.c:736:13:MX_TIM4_Init	32	static
main.c:781:13:MX_USART1_UART_Init	8	static
main.c:812:13:MX_DMA_Init	16	static
main.c:830:13:MX_GPIO_Init	40	static
main.c:901:6:Error_Handler	4	static,ignoring_inline_asm
