08:48:32 **** Incremental Build of configuration Debug for project C6_RFID ****
make -j8 all 
arm-none-eabi-gcc -o "C6_RFID.elf" @"objects.list"   -mcpu=cortex-m3 -T"C:\Users\admin\STM32CubeIDE\workspace_1.10.0\C6_RFID\STM32F103C6TX_FLASH.ld" --specs=nosys.specs -Wl,-Map="C6_RFID.map" -Wl,--gc-sections -static --specs=nano.specs -mfloat-abi=soft -mthumb -Wl,--start-group -lc -lm -Wl,--end-group
Finished building target: C6_RFID.elf
 
arm-none-eabi-size   C6_RFID.elf 
arm-none-eabi-objdump -h -S  C6_RFID.elf  > "C6_RFID.list"
arm-none-eabi-objcopy  -O ihex  C6_RFID.elf  "C6_RFID.hex"
   text	   data	    bss	    dec	    hex	filename
  11464	    120	   1856	  13440	   3480	C6_RFID.elf
Finished building: default.size.stdout
 
Finished building: C6_RFID.list
 
Finished building: C6_RFID.hex
 

08:48:33 Build Finished. 0 errors, 0 warnings. (took 1s.154ms)

