15:45:40 **** Incremental Build of configuration Debug for project C6_SCAN_I2C ****
make -j8 all 
arm-none-eabi-gcc "../Core/Src/main.c" -mcpu=cortex-m3 -std=gnu11 -g3 -DDEBUG -DUSE_HAL_DRIVER -DSTM32F103x6 -c -I../Core/Inc -I../Drivers/STM32F1xx_HAL_Driver/Inc/Legacy -I../Drivers/STM32F1xx_HAL_Driver/Inc -I../Drivers/CMSIS/Device/ST/STM32F1xx/Include -I../Drivers/CMSIS/Include -O0 -ffunction-sections -fdata-sections -Wall -fstack-usage -MMD -MP -MF"Core/Src/main.d" -MT"Core/Src/main.o" --specs=nano.specs -mfloat-abi=soft -mthumb -o "Core/Src/main.o"
arm-none-eabi-gcc -o "C6_SCAN_I2C.elf" @"objects.list"   -mcpu=cortex-m3 -T"C:\Users\admin\STM32CubeIDE\workspace_1.10.0\C6_SCAN_I2C\STM32F103C6TX_FLASH.ld" --specs=nosys.specs -Wl,-Map="C6_SCAN_I2C.map" -Wl,--gc-sections -static --specs=nano.specs -mfloat-abi=soft -mthumb -Wl,--start-group -lc -lm -Wl,--end-group
Finished building target: C6_SCAN_I2C.elf
 
arm-none-eabi-size   C6_SCAN_I2C.elf 
arm-none-eabi-objdump -h -S  C6_SCAN_I2C.elf  > "C6_SCAN_I2C.list"
   text	   data	    bss	    dec	    hex	filename
  10116	    164	   1772	  12052	   2f14	C6_SCAN_I2C.elf
Finished building: default.size.stdout
 
Finished building: C6_SCAN_I2C.list
 

15:45:41 Build Finished. 0 errors, 0 warnings. (took 946ms)

